// Jest Snapshot v1, https://goo.gl/fbAQLP

exports[`Provider and App renders <Provider/> correctly 1`] = `
<Router
  history={
    Object {
      "action": "POP",
      "block": [Function],
      "createHref": [Function],
      "go": [Function],
      "goBack": [Function],
      "goForward": [Function],
      "length": 1,
      "listen": [Function],
      "location": Object {
        "hash": "",
        "pathname": "/",
        "search": "",
        "state": undefined,
      },
      "push": [Function],
      "replace": [Function],
    }
  }
>
  <Switch>
    <Route
      component={[Function]}
      exact={true}
      path="/"
    />
  </Switch>
</Router>
`;

exports[`Provider and Home renders <Provider/> correctly 1`] = `
<div>
  <h1>
    Welcome To GCDC 
  </h1>
</div>
`;
